[2026-07-06 11:49:20] Exporting snapshot to: C:\INGRED-merge-test-Server\sync\.dump\IDE.xml

[2026-07-06 11:49:21] command=import
[2026-07-06 11:49:21] args=python C:\Program Files\CODESYS 3.5.16.10\CODESYS\ScriptDir\cds-text-sync\cli\external_engine\engine_cli.py import --project-root C:\INGRED-merge-test-Server\sync --snapshot C:\INGRED-merge-test-Server\sync\.dump\IDE.xml --view-root C:\INGRED-merge-test-Server\sync\project-view --patch C:\INGRED-merge-test-Server\sync\.dump\IMPORT.xml

[2026-07-06 11:49:24] returncode=1
[2026-07-06 11:49:21] Importing view root C:\INGRED-merge-test-Server\sync\project-view against snapshot C:\INGRED-merge-test-Server\sync\.dump\IDE.xml to generate C:\INGRED-merge-test-Server\sync\.dump\IMPORT.xml

[stderr]
Traceback (most recent call last):
  File "C:\Program Files\CODESYS 3.5.16.10\CODESYS\ScriptDir\cds-text-sync\cli\external_engine\engine_cli.py", line 368, in <module>
    main()
    ~~~~^^
  File "C:\Program Files\CODESYS 3.5.16.10\CODESYS\ScriptDir\cds-text-sync\cli\external_engine\engine_cli.py", line 360, in main
    run_import(args)
    ~~~~~~~~~~^^^^^^
  File "C:\Program Files\CODESYS 3.5.16.10\CODESYS\ScriptDir\cds-text-sync\cli\external_engine\engine_cli.py", line 247, in run_import
    diff_result, ide_model, folder_model, _ = _load_diff(args, "import")
                                              ~~~~~~~~~~^^^^^^^^^^^^^^^^
  File "C:\Program Files\CODESYS 3.5.16.10\CODESYS\ScriptDir\cds-text-sync\cli\external_engine\engine_cli.py", line 109, in _load_diff
    ide_model, folder_model, dump_path = _load_models(args, context)
                                         ~~~~~~~~~~~~^^^^^^^^^^^^^^^
  File "C:\Program Files\CODESYS 3.5.16.10\CODESYS\ScriptDir\cds-text-sync\cli\external_engine\engine_cli.py", line 93, in _load_models
    folder_model = folder_reader.read()
  File "C:\Program Files\CODESYS 3.5.16.10\CODESYS\ScriptDir\cds-text-sync\cli\external_engine\folder_reader.py", line 356, in read
    manifest = json.load(f)
  File "C:\Users\aleaa\AppData\Local\Programs\Python\Python314\Lib\json\__init__.py", line 298, in load
    return loads(fp.read(),
        cls=cls, object_hook=object_hook,
        parse_float=parse_float, parse_int=parse_int,
        parse_constant=parse_constant, object_pairs_hook=object_pairs_hook, **kw)
  File "C:\Users\aleaa\AppData\Local\Programs\Python\Python314\Lib\json\__init__.py", line 352, in loads
    return _default_decoder.decode(s)
           ~~~~~~~~~~~~~~~~~~~~~~~^^^
  File "C:\Users\aleaa\AppData\Local\Programs\Python\Python314\Lib\json\decoder.py", line 345, in decode
    obj, end = self.raw_decode(s, idx=_w(s, 0).end())
               ~~~~~~~~~~~~~~~^^^^^^^^^^^^^^^^^^^^^^^
  File "C:\Users\aleaa\AppData\Local\Programs\Python\Python314\Lib\json\decoder.py", line 361, in raw_decode
    obj, end = self.scan_once(s, idx)
               ~~~~~~~~~~~~~~^^^^^^^^
json.decoder.JSONDecodeError: Expecting property name enclosed in double quotes: line 242 column 1 (char 10469)

[2026-07-06 11:51:29] Exporting snapshot to: C:\INGRED-merge-test-Server\sync\.dump\IDE.xml

[2026-07-06 11:51:30] command=import
[2026-07-06 11:51:30] args=python C:\Program Files\CODESYS 3.5.16.10\CODESYS\ScriptDir\cds-text-sync\cli\external_engine\engine_cli.py import --project-root C:\INGRED-merge-test-Server\sync --snapshot C:\INGRED-merge-test-Server\sync\.dump\IDE.xml --view-root C:\INGRED-merge-test-Server\sync\project-view --patch C:\INGRED-merge-test-Server\sync\.dump\IMPORT.xml

[2026-07-06 11:51:41] returncode=0
[2026-07-06 11:51:30] Importing view root C:\INGRED-merge-test-Server\sync\project-view against snapshot C:\INGRED-merge-test-Server\sync\.dump\IDE.xml to generate C:\INGRED-merge-test-Server\sync\.dump\IMPORT.xml
[2026-07-06 11:51:40] Compare model sizes: ide=139, disk=139
[2026-07-06 11:51:40] Compare summary: modified=2, added=0, deleted=0, unchanged=137, projection_conflicts=0, unsupported_projection_changes=0
[2026-07-06 11:51:40] modified: POU_new [356fda1a-a1b5-49a0-9a0a-d3bb7d9efb80] Device\Plc Logic\Application\POU_new.xml
[2026-07-06 11:51:40] modified: Project Information [11c0fc3a-9bcf-4dd8-ac38-efb93363e521] POUs\Project Information.xml
Building patch for 2 objects...
Patch generated at C:\INGRED-merge-test-Server\sync\.dump\IMPORT.xml

[2026-07-06 11:51:41] Applying changes from C:\INGRED-merge-test-Server\sync\.dump\IMPORT.xml

